
SN 68k version 2.53


Assembly completed.
0 error(s) from 64989 lines in 1.2 seconds
